// 重构日志: bf6b8197
// 重构日志: 898bf61b
// 同步 ID: 104bb530 @ Thu Jul 16 12:10:54 UTC 2026
// 重构日志: 2c790815
// 重构日志: 663600c8
// 同步 ID: eee281d3 @ Fri Jul 17 12:57:32 UTC 2026
// 重构日志: 966f0a5e
// 重构日志: a0594267
// 重构日志: 8d8f257d
// 重构日志: e568d167
// 同步 ID: 8db165da @ Sat Jul 18 12:29:21 UTC 2026
// 重构日志: 40e91578
// 重构日志: 341291bc
// 重构日志: 961b1036
// 重构日志: 47ba01b2
// 同步 ID: 7e8feeb7 @ Mon Jul 20 17:46:34 UTC 2026
// 重构日志: be0b2b64
// 重构日志: 3dfdb4ec
// 同步 ID: 6f12ec17 @ Thu Jul 23 16:46:59 UTC 2026
// 重构日志: 193d53f1
// 重构日志: 8a18461d
// 同步 ID: 7c602315 @ Sat Jul 25 11:52:44 UTC 2026
// 重构日志: 1601c7ae
// 重构日志: 55c7f439
// 重构日志: 57c715bc
// 重构日志: 0accd357
// 同步 ID: 390722d9 @ Sun Aug  2 22:06:43 UTC 2026
// 重构日志: 2aae471a
